// Jest Snapshot v1, https://goo.gl/fbAQLP

exports[`Menu Component Tests Should render the menu component 1`] = `
<DocumentFragment>
  <header
    class="MuiPaper-root MuiAppBar-root MuiAppBar-positionFixed MuiAppBar-colorPrimary sc-bdfBwQ fofWC mui-fixed MuiPaper-elevation4"
    data-testid="CustomAppBar"
  >
    <div
      class="MuiToolbar-root MuiToolbar-regular sc-gsTCUz dmzGAY MuiToolbar-gutters"
    >
      <div
        class="sc-dlfnbm CZBcd"
      >
        <button
          class="MuiButtonBase-root MuiIconButton-root title MuiIconButton-colorInherit MuiIconButton-edgeStart"
          data-testid="MenuButton"
          tabindex="0"
          type="button"
        >
          <span
            class="MuiIconButton-label"
          >
            <svg
              aria-hidden="true"
              class="MuiSvgIcon-root"
              focusable="false"
              viewBox="0 0 24 24"
            >
              <path
                d="M10 15l5.19-3L10 9v6m11.56-7.83c.13.47.22 1.1.28 1.9.07.8.1 1.49.1 2.09L22 12c0 2.19-.16 3.8-.44 4.83-.25.9-.83 1.48-1.73 1.73-.47.13-1.33.22-2.65.28-1.3.07-2.49.1-3.59.1L12 19c-4.19 0-6.8-.16-7.83-.44-.9-.25-1.48-.83-1.73-1.73-.13-.47-.22-1.1-.28-1.9-.07-.8-.1-1.49-.1-2.09L2 12c0-2.19.16-3.8.44-4.83.25-.9.83-1.48 1.73-1.73.47-.13 1.33-.22 2.65-.28 1.3-.07 2.49-.1 3.59-.1L12 5c4.19 0 6.8.16 7.83.44.9.25 1.48.83 1.73 1.73z"
              />
            </svg>
            <p
              class="MuiTypography-root MuiTypography-body1 MuiTypography-noWrap"
            >
              MyTube
            </p>
          </span>
          <span
            class="MuiTouchRipple-root"
          />
        </button>
        <div
          class="sc-hKgILt heiTUU"
        >
          <div
            class="sc-eCssSg clVwIQ"
          >
            <svg
              aria-hidden="true"
              class="MuiSvgIcon-root"
              focusable="false"
              viewBox="0 0 24 24"
            >
              <path
                d="M15.5 14h-.79l-.28-.27C15.41 12.59 16 11.11 16 9.5 16 5.91 13.09 3 9.5 3S3 5.91 3 9.5 5.91 16 9.5 16c1.61 0 3.09-.59 4.23-1.57l.27.28v.79l5 4.99L20.49 19l-4.99-5zm-6 0C7.01 14 5 11.99 5 9.5S7.01 5 9.5 5 14 7.01 14 9.5 11.99 14 9.5 14z"
              />
            </svg>
          </div>
          <div
            class="MuiInputBase-root sc-jSgupP bKMman"
          >
            <input
              class="MuiInputBase-input"
              placeholder="Searchâ€¦"
              type="text"
              value=""
            />
          </div>
        </div>
      </div>
      <div
        class="sc-dlfnbm CZBcd"
      >
        <span
          class="MuiSwitch-root sc-gKsewC"
        >
          <span
            aria-disabled="false"
            class="MuiButtonBase-root MuiIconButton-root PrivateSwitchBase-root-1 MuiSwitch-switchBase"
            data-testid="ThemeSwitch"
          >
            <span
              class="MuiIconButton-label"
            >
              <input
                class="PrivateSwitchBase-input-4 MuiSwitch-input"
                type="checkbox"
                value=""
              />
              <span
                class="MuiSwitch-thumb"
              />
            </span>
            <span
              class="MuiTouchRipple-root"
            />
          </span>
          <span
            class="MuiSwitch-track"
          />
        </span>
        <button
          class="MuiButtonBase-root MuiButton-root MuiButton-text MuiButton-colorInherit"
          tabindex="0"
          type="button"
        >
          <span
            class="MuiButton-label"
          >
            Login
          </span>
          <span
            class="MuiTouchRipple-root"
          />
        </button>
      </div>
    </div>
  </header>
</DocumentFragment>
`;
